**********************
Windows PowerShell transcript start
Start time: 20260831023335
Username: WINDOWS-331\CAD2
RunAs User: WINDOWS-331\CAD2
Configuration Name: 
Machine: WINDOWS-331 (Microsoft Windows NT 10.0.19045.0)
Host Application: C:\Windows\System32\WindowsPowerShell\v1.0\powershell.exe -NoProfile -ExecutionPolicy Bypass -File C:\Win10Builder\Build-Win10Pro-v5-FIXED.ps1 
Process ID: 12380
PSVersion: 5.1.19041.6456
PSEdition: Desktop
PSCompatibleVersions: 1.0, 2.0, 3.0, 4.0, 5.0, 5.1.19041.6456
BuildVersion: 10.0.19041.6456
CLRVersion: 4.0.30319.42000
WSManStackVersion: 3.0
PSRemotingProtocolVersion: 2.3
SerializationVersion: 1.1.0.1
**********************

================================================================
1/12 - Checking local tools
================================================================
[OK] oscdimg: C:\Win10Builder\Tools\Oscdimg\oscdimg.exe
[OK] UEFI: C:\Win10Builder\Tools\Oscdimg\efisys.bin
[OK] BIOS: C:\Win10Builder\Tools\Oscdimg\etfsboot.com
[OK] autounattend.xml found

================================================================
2/12 - Checking source ISO candidates
================================================================
[INFO] Found ISO: C:\Win10Builder\ISO\Win10_22H2_English_x64.iso
[INFO] ISO SHA-256: A63DB059B6EEF003ABA9BAD94CD5B54C139F2084569934E05BD47351EE05977B
[WARN] Existing ISO is not the required en-US x64 source; it will not be used.

================================================================
3/12 - Downloading Microsoft English x64 ISO when required
================================================================
[INFO] Getting current Microsoft ISO URL from the live Windows 10 ISO page.
[INFO] Web request attempt 1/5: https://www.microsoft.com/en-us/software-download/windows10ISO
PS>TerminatingError(): "Could not determine Microsoft Windows 10 productEditionId from the current ISO page."

BUILD FAILED
Could not determine Microsoft Windows 10 productEditionId from the current ISO page.
Log: C:\Win10Builder\Logs\Build-v5-20260831-023335.log

Mounted-image status:

Deployment Image Servicing and Management tool
Version: 10.0.19041.3636

Mounted images:


No mounted images found.

The operation completed successfully.
**********************
Windows PowerShell transcript end
End time: 20260831023403
**********************
