**********************
Windows PowerShell transcript start
Start time: 20260831015652
Username: WINDOWS-331\CAD2
RunAs User: WINDOWS-331\CAD2
Configuration Name: 
Machine: WINDOWS-331 (Microsoft Windows NT 10.0.19045.0)
Host Application: powershell.exe -NoProfile -ExecutionPolicy Bypass -File C:\Win10Builder\Build-Win10Pro-v3-FIXED.ps1
Process ID: 13516
PSVersion: 5.1.19041.6456
PSEdition: Desktop
PSCompatibleVersions: 1.0, 2.0, 3.0, 4.0, 5.0, 5.1.19041.6456
BuildVersion: 10.0.19041.6456
CLRVersion: 4.0.30319.42000
WSManStackVersion: 3.0
PSRemotingProtocolVersion: 2.3
SerializationVersion: 1.1.0.1
**********************
**********************
Windows PowerShell transcript end
End time: 20260831015653
**********************
